// Jest Snapshot v1, https://goo.gl/fbAQLP

exports[`Page renders 1`] = `
<div>
  <main
    class="bg-slate-950 w-full h-screen flex flex-col justify-center items-center text-white overflow-x-auto"
  >
    <div
      class="flex justify-center items-center"
    >
      <h1
        class="font-bold text-3xl px-3"
      >
        CRUD Subjects
      </h1>
      <button
        class="group flex items-center justify-center p-0.5 text-center font-medium relative focus:z-10 focus:outline-none text-white bg-cyan-700 border border-transparent enabled:hover:bg-cyan-800 focus:ring-cyan-300 dark:bg-cyan-600 dark:enabled:hover:bg-cyan-700 dark:focus:ring-cyan-800 rounded-lg focus:ring-2"
        type="button"
      >
        <span
          class="flex items-center transition-all duration-200 rounded-md text-sm px-4 py-2"
        >
          <svg
            aria-hidden="true"
            class="w-3 h-3 text-white"
            fill="currentColor"
            viewBox="0 0 20 20"
            xmlns="http://www.w3.org/2000/svg"
          >
            <path
              d="M9.546.5a9.5 9.5 0 1 0 9.5 9.5 9.51 9.51 0 0 0-9.5-9.5ZM13.788 11h-3.242v3.242a1 1 0 1 1-2 0V11H5.304a1 1 0 0 1 0-2h3.242V5.758a1 1 0 0 1 2 0V9h3.242a1 1 0 1 1 0 2Z"
            />
          </svg>
        </span>
      </button>
    </div>
    <hr
      class="border-1 border-white w-96 my-6"
    />
    <div
      class="container"
    >
      <div
        class="relative"
        data-testid="table-element"
      >
        <div
          class="absolute bg-white dark:bg-black w-full h-full top-0 left-0 rounded-lg drop-shadow-md -z-10"
        />
        <table
          class="w-full text-left text-sm text-gray-500 dark:text-gray-400"
        >
          <thead
            class="group/head text-xs uppercase text-gray-700 dark:text-gray-400"
          >
            <tr>
              <th
                class="group-first/head:first:rounded-tl-lg group-first/head:last:rounded-tr-lg bg-gray-50 dark:bg-gray-700 px-6 py-3"
              >
                Code
              </th>
              <th
                class="group-first/head:first:rounded-tl-lg group-first/head:last:rounded-tr-lg bg-gray-50 dark:bg-gray-700 px-6 py-3"
              >
                Name
              </th>
              <th
                class="group-first/head:first:rounded-tl-lg group-first/head:last:rounded-tr-lg bg-gray-50 dark:bg-gray-700 px-6 py-3"
              >
                Description
              </th>
              <th
                class="group-first/head:first:rounded-tl-lg group-first/head:last:rounded-tr-lg bg-gray-50 dark:bg-gray-700 px-6 py-3"
              >
                Credits
              </th>
              <th
                class="group-first/head:first:rounded-tl-lg group-first/head:last:rounded-tr-lg bg-gray-50 dark:bg-gray-700 px-6 py-3"
              >
                Created At
              </th>
              <th
                class="group-first/head:first:rounded-tl-lg group-first/head:last:rounded-tr-lg bg-gray-50 dark:bg-gray-700 px-6 py-3"
              >
                Updated At
              </th>
              <th
                class="group-first/head:first:rounded-tl-lg group-first/head:last:rounded-tr-lg bg-gray-50 dark:bg-gray-700 px-6 py-3"
              >
                Teacher ID
              </th>
              <th
                class="group-first/head:first:rounded-tl-lg group-first/head:last:rounded-tr-lg bg-gray-50 dark:bg-gray-700 px-6 py-3"
              >
                Actions
              </th>
            </tr>
          </thead>
          <tbody
            class="group/body"
          >
            <tr
              class="group/row odd:bg-white even:bg-gray-50 odd:dark:bg-gray-800 even:dark:bg-gray-700"
              data-testid="table-row-element"
            >
              <td
                class="group-first/body:group-first/row:first:rounded-tl-lg group-first/body:group-first/row:last:rounded-tr-lg group-last/body:group-last/row:first:rounded-bl-lg group-last/body:group-last/row:last:rounded-br-lg px-6 py-4"
              >
                MATH-101
              </td>
              <td
                class="group-first/body:group-first/row:first:rounded-tl-lg group-first/body:group-first/row:last:rounded-tr-lg group-last/body:group-last/row:first:rounded-bl-lg group-last/body:group-last/row:last:rounded-br-lg px-6 py-4"
              >
                Mathematics
              </td>
              <td
                class="group-first/body:group-first/row:first:rounded-tl-lg group-first/body:group-first/row:last:rounded-tr-lg group-last/body:group-last/row:first:rounded-bl-lg group-last/body:group-last/row:last:rounded-br-lg px-6 py-4"
              >
                Mathematics
              </td>
              <td
                class="group-first/body:group-first/row:first:rounded-tl-lg group-first/body:group-first/row:last:rounded-tr-lg group-last/body:group-last/row:first:rounded-bl-lg group-last/body:group-last/row:last:rounded-br-lg px-6 py-4"
              >
                3
              </td>
              <td
                class="group-first/body:group-first/row:first:rounded-tl-lg group-first/body:group-first/row:last:rounded-tr-lg group-last/body:group-last/row:first:rounded-bl-lg group-last/body:group-last/row:last:rounded-br-lg px-6 py-4"
              >
                Wed Jan 17 2024
              </td>
              <td
                class="group-first/body:group-first/row:first:rounded-tl-lg group-first/body:group-first/row:last:rounded-tr-lg group-last/body:group-last/row:first:rounded-bl-lg group-last/body:group-last/row:last:rounded-br-lg px-6 py-4"
              >
                Wed Jan 17 2024
              </td>
              <td
                class="group-first/body:group-first/row:first:rounded-tl-lg group-first/body:group-first/row:last:rounded-tr-lg group-last/body:group-last/row:first:rounded-bl-lg group-last/body:group-last/row:last:rounded-br-lg px-6 py-4"
              >
                1
              </td>
              <td
                class="group-first/body:group-first/row:first:rounded-tl-lg group-first/body:group-first/row:last:rounded-tr-lg group-last/body:group-last/row:first:rounded-bl-lg group-last/body:group-last/row:last:rounded-br-lg px-6 py-4 grid gap-1 grid-cols-2 text-white"
              >
                <button
                  class="group flex items-center justify-center p-0.5 text-center font-medium relative focus:z-10 focus:outline-none text-white bg-cyan-700 border border-transparent enabled:hover:bg-cyan-800 focus:ring-cyan-300 dark:bg-cyan-600 dark:enabled:hover:bg-cyan-700 dark:focus:ring-cyan-800 rounded-lg focus:ring-2"
                  type="button"
                >
                  <span
                    class="flex items-center transition-all duration-200 rounded-md text-sm px-4 py-2"
                  >
                    <svg
                      aria-hidden="true"
                      class="w-3 h-3"
                      fill="currentColor"
                      viewBox="0 0 20 18"
                      xmlns="http://www.w3.org/2000/svg"
                    >
                      <path
                        d="M12.687 14.408a3.01 3.01 0 0 1-1.533.821l-3.566.713a3 3 0 0 1-3.53-3.53l.713-3.566a3.01 3.01 0 0 1 .821-1.533L10.905 2H2.167A2.169 2.169 0 0 0 0 4.167v11.666A2.169 2.169 0 0 0 2.167 18h11.666A2.169 2.169 0 0 0 16 15.833V11.1l-3.313 3.308Zm5.53-9.065.546-.546a2.518 2.518 0 0 0 0-3.56 2.576 2.576 0 0 0-3.559 0l-.547.547 3.56 3.56Z"
                      />
                      <path
                        d="M13.243 3.2 7.359 9.081a.5.5 0 0 0-.136.256L6.51 12.9a.5.5 0 0 0 .59.59l3.566-.713a.5.5 0 0 0 .255-.136L16.8 6.757 13.243 3.2Z"
                      />
                    </svg>
                  </span>
                </button>
                <button
                  class="group flex items-center justify-center p-0.5 text-center font-medium relative focus:z-10 focus:outline-none text-white bg-cyan-700 border border-transparent enabled:hover:bg-cyan-800 focus:ring-cyan-300 dark:bg-cyan-600 dark:enabled:hover:bg-cyan-700 dark:focus:ring-cyan-800 rounded-lg focus:ring-2"
                  type="button"
                >
                  <span
                    class="flex items-center transition-all duration-200 rounded-md text-sm px-4 py-2"
                  >
                    <svg
                      aria-hidden="true"
                      class="w-3 h-3"
                      fill="currentColor"
                      viewBox="0 0 18 20"
                      xmlns="http://www.w3.org/2000/svg"
                    >
                      <path
                        d="M17 4h-4V2a2 2 0 0 0-2-2H7a2 2 0 0 0-2 2v2H1a1 1 0 0 0 0 2h1v12a2 2 0 0 0 2 2h10a2 2 0 0 0 2-2V6h1a1 1 0 1 0 0-2ZM7 2h4v2H7V2Zm1 14a1 1 0 1 1-2 0V8a1 1 0 0 1 2 0v8Zm4 0a1 1 0 0 1-2 0V8a1 1 0 0 1 2 0v8Z"
                      />
                    </svg>
                  </span>
                </button>
              </td>
            </tr>
            <tr
              class="group/row odd:bg-white even:bg-gray-50 odd:dark:bg-gray-800 even:dark:bg-gray-700"
              data-testid="table-row-element"
            >
              <td
                class="group-first/body:group-first/row:first:rounded-tl-lg group-first/body:group-first/row:last:rounded-tr-lg group-last/body:group-last/row:first:rounded-bl-lg group-last/body:group-last/row:last:rounded-br-lg px-6 py-4"
              >
                PHYS-101
              </td>
              <td
                class="group-first/body:group-first/row:first:rounded-tl-lg group-first/body:group-first/row:last:rounded-tr-lg group-last/body:group-last/row:first:rounded-bl-lg group-last/body:group-last/row:last:rounded-br-lg px-6 py-4"
              >
                Physics
              </td>
              <td
                class="group-first/body:group-first/row:first:rounded-tl-lg group-first/body:group-first/row:last:rounded-tr-lg group-last/body:group-last/row:first:rounded-bl-lg group-last/body:group-last/row:last:rounded-br-lg px-6 py-4"
              >
                Physics
              </td>
              <td
                class="group-first/body:group-first/row:first:rounded-tl-lg group-first/body:group-first/row:last:rounded-tr-lg group-last/body:group-last/row:first:rounded-bl-lg group-last/body:group-last/row:last:rounded-br-lg px-6 py-4"
              >
                3
              </td>
              <td
                class="group-first/body:group-first/row:first:rounded-tl-lg group-first/body:group-first/row:last:rounded-tr-lg group-last/body:group-last/row:first:rounded-bl-lg group-last/body:group-last/row:last:rounded-br-lg px-6 py-4"
              >
                Wed Jan 17 2024
              </td>
              <td
                class="group-first/body:group-first/row:first:rounded-tl-lg group-first/body:group-first/row:last:rounded-tr-lg group-last/body:group-last/row:first:rounded-bl-lg group-last/body:group-last/row:last:rounded-br-lg px-6 py-4"
              >
                Wed Jan 17 2024
              </td>
              <td
                class="group-first/body:group-first/row:first:rounded-tl-lg group-first/body:group-first/row:last:rounded-tr-lg group-last/body:group-last/row:first:rounded-bl-lg group-last/body:group-last/row:last:rounded-br-lg px-6 py-4"
              >
                2
              </td>
              <td
                class="group-first/body:group-first/row:first:rounded-tl-lg group-first/body:group-first/row:last:rounded-tr-lg group-last/body:group-last/row:first:rounded-bl-lg group-last/body:group-last/row:last:rounded-br-lg px-6 py-4 grid gap-1 grid-cols-2 text-white"
              >
                <button
                  class="group flex items-center justify-center p-0.5 text-center font-medium relative focus:z-10 focus:outline-none text-white bg-cyan-700 border border-transparent enabled:hover:bg-cyan-800 focus:ring-cyan-300 dark:bg-cyan-600 dark:enabled:hover:bg-cyan-700 dark:focus:ring-cyan-800 rounded-lg focus:ring-2"
                  type="button"
                >
                  <span
                    class="flex items-center transition-all duration-200 rounded-md text-sm px-4 py-2"
                  >
                    <svg
                      aria-hidden="true"
                      class="w-3 h-3"
                      fill="currentColor"
                      viewBox="0 0 20 18"
                      xmlns="http://www.w3.org/2000/svg"
                    >
                      <path
                        d="M12.687 14.408a3.01 3.01 0 0 1-1.533.821l-3.566.713a3 3 0 0 1-3.53-3.53l.713-3.566a3.01 3.01 0 0 1 .821-1.533L10.905 2H2.167A2.169 2.169 0 0 0 0 4.167v11.666A2.169 2.169 0 0 0 2.167 18h11.666A2.169 2.169 0 0 0 16 15.833V11.1l-3.313 3.308Zm5.53-9.065.546-.546a2.518 2.518 0 0 0 0-3.56 2.576 2.576 0 0 0-3.559 0l-.547.547 3.56 3.56Z"
                      />
                      <path
                        d="M13.243 3.2 7.359 9.081a.5.5 0 0 0-.136.256L6.51 12.9a.5.5 0 0 0 .59.59l3.566-.713a.5.5 0 0 0 .255-.136L16.8 6.757 13.243 3.2Z"
                      />
                    </svg>
                  </span>
                </button>
                <button
                  class="group flex items-center justify-center p-0.5 text-center font-medium relative focus:z-10 focus:outline-none text-white bg-cyan-700 border border-transparent enabled:hover:bg-cyan-800 focus:ring-cyan-300 dark:bg-cyan-600 dark:enabled:hover:bg-cyan-700 dark:focus:ring-cyan-800 rounded-lg focus:ring-2"
                  type="button"
                >
                  <span
                    class="flex items-center transition-all duration-200 rounded-md text-sm px-4 py-2"
                  >
                    <svg
                      aria-hidden="true"
                      class="w-3 h-3"
                      fill="currentColor"
                      viewBox="0 0 18 20"
                      xmlns="http://www.w3.org/2000/svg"
                    >
                      <path
                        d="M17 4h-4V2a2 2 0 0 0-2-2H7a2 2 0 0 0-2 2v2H1a1 1 0 0 0 0 2h1v12a2 2 0 0 0 2 2h10a2 2 0 0 0 2-2V6h1a1 1 0 1 0 0-2ZM7 2h4v2H7V2Zm1 14a1 1 0 1 1-2 0V8a1 1 0 0 1 2 0v8Zm4 0a1 1 0 0 1-2 0V8a1 1 0 0 1 2 0v8Z"
                      />
                    </svg>
                  </span>
                </button>
              </td>
            </tr>
            <tr
              class="group/row odd:bg-white even:bg-gray-50 odd:dark:bg-gray-800 even:dark:bg-gray-700"
              data-testid="table-row-element"
            >
              <td
                class="group-first/body:group-first/row:first:rounded-tl-lg group-first/body:group-first/row:last:rounded-tr-lg group-last/body:group-last/row:first:rounded-bl-lg group-last/body:group-last/row:last:rounded-br-lg px-6 py-4"
              >
                CHEM-101
              </td>
              <td
                class="group-first/body:group-first/row:first:rounded-tl-lg group-first/body:group-first/row:last:rounded-tr-lg group-last/body:group-last/row:first:rounded-bl-lg group-last/body:group-last/row:last:rounded-br-lg px-6 py-4"
              >
                Chemistry
              </td>
              <td
                class="group-first/body:group-first/row:first:rounded-tl-lg group-first/body:group-first/row:last:rounded-tr-lg group-last/body:group-last/row:first:rounded-bl-lg group-last/body:group-last/row:last:rounded-br-lg px-6 py-4"
              >
                Chemistry
              </td>
              <td
                class="group-first/body:group-first/row:first:rounded-tl-lg group-first/body:group-first/row:last:rounded-tr-lg group-last/body:group-last/row:first:rounded-bl-lg group-last/body:group-last/row:last:rounded-br-lg px-6 py-4"
              >
                3
              </td>
              <td
                class="group-first/body:group-first/row:first:rounded-tl-lg group-first/body:group-first/row:last:rounded-tr-lg group-last/body:group-last/row:first:rounded-bl-lg group-last/body:group-last/row:last:rounded-br-lg px-6 py-4"
              >
                Wed Jan 17 2024
              </td>
              <td
                class="group-first/body:group-first/row:first:rounded-tl-lg group-first/body:group-first/row:last:rounded-tr-lg group-last/body:group-last/row:first:rounded-bl-lg group-last/body:group-last/row:last:rounded-br-lg px-6 py-4"
              >
                Wed Jan 17 2024
              </td>
              <td
                class="group-first/body:group-first/row:first:rounded-tl-lg group-first/body:group-first/row:last:rounded-tr-lg group-last/body:group-last/row:first:rounded-bl-lg group-last/body:group-last/row:last:rounded-br-lg px-6 py-4"
              >
                3
              </td>
              <td
                class="group-first/body:group-first/row:first:rounded-tl-lg group-first/body:group-first/row:last:rounded-tr-lg group-last/body:group-last/row:first:rounded-bl-lg group-last/body:group-last/row:last:rounded-br-lg px-6 py-4 grid gap-1 grid-cols-2 text-white"
              >
                <button
                  class="group flex items-center justify-center p-0.5 text-center font-medium relative focus:z-10 focus:outline-none text-white bg-cyan-700 border border-transparent enabled:hover:bg-cyan-800 focus:ring-cyan-300 dark:bg-cyan-600 dark:enabled:hover:bg-cyan-700 dark:focus:ring-cyan-800 rounded-lg focus:ring-2"
                  type="button"
                >
                  <span
                    class="flex items-center transition-all duration-200 rounded-md text-sm px-4 py-2"
                  >
                    <svg
                      aria-hidden="true"
                      class="w-3 h-3"
                      fill="currentColor"
                      viewBox="0 0 20 18"
                      xmlns="http://www.w3.org/2000/svg"
                    >
                      <path
                        d="M12.687 14.408a3.01 3.01 0 0 1-1.533.821l-3.566.713a3 3 0 0 1-3.53-3.53l.713-3.566a3.01 3.01 0 0 1 .821-1.533L10.905 2H2.167A2.169 2.169 0 0 0 0 4.167v11.666A2.169 2.169 0 0 0 2.167 18h11.666A2.169 2.169 0 0 0 16 15.833V11.1l-3.313 3.308Zm5.53-9.065.546-.546a2.518 2.518 0 0 0 0-3.56 2.576 2.576 0 0 0-3.559 0l-.547.547 3.56 3.56Z"
                      />
                      <path
                        d="M13.243 3.2 7.359 9.081a.5.5 0 0 0-.136.256L6.51 12.9a.5.5 0 0 0 .59.59l3.566-.713a.5.5 0 0 0 .255-.136L16.8 6.757 13.243 3.2Z"
                      />
                    </svg>
                  </span>
                </button>
                <button
                  class="group flex items-center justify-center p-0.5 text-center font-medium relative focus:z-10 focus:outline-none text-white bg-cyan-700 border border-transparent enabled:hover:bg-cyan-800 focus:ring-cyan-300 dark:bg-cyan-600 dark:enabled:hover:bg-cyan-700 dark:focus:ring-cyan-800 rounded-lg focus:ring-2"
                  type="button"
                >
                  <span
                    class="flex items-center transition-all duration-200 rounded-md text-sm px-4 py-2"
                  >
                    <svg
                      aria-hidden="true"
                      class="w-3 h-3"
                      fill="currentColor"
                      viewBox="0 0 18 20"
                      xmlns="http://www.w3.org/2000/svg"
                    >
                      <path
                        d="M17 4h-4V2a2 2 0 0 0-2-2H7a2 2 0 0 0-2 2v2H1a1 1 0 0 0 0 2h1v12a2 2 0 0 0 2 2h10a2 2 0 0 0 2-2V6h1a1 1 0 1 0 0-2ZM7 2h4v2H7V2Zm1 14a1 1 0 1 1-2 0V8a1 1 0 0 1 2 0v8Zm4 0a1 1 0 0 1-2 0V8a1 1 0 0 1 2 0v8Z"
                      />
                    </svg>
                  </span>
                </button>
              </td>
            </tr>
          </tbody>
        </table>
      </div>
    </div>
  </main>
</div>
`;
